HTTP/1.1 405 Method Not Allowed
Connection:close
Content-Length:0

