HTTP/1.1 404 URI Not Found
Connection:close
Content-Length:0

