HTTP/1.1 408 Request Timeout
Connection:close
Content-Length:0

